├óΓÇóΓÇ¥├óΓÇó┬É├óΓÇó┬É├óΓÇó┬É├óΓÇó┬É├óΓÇó┬É├óΓÇó┬É├óΓÇó┬É├óΓÇó┬É├óΓÇó┬É├óΓÇó┬É├óΓÇó┬É├óΓÇó┬É├óΓÇó┬É├óΓÇó┬É├óΓÇó┬É├óΓÇó┬É├óΓÇó┬É├óΓÇó┬É├óΓÇó┬É├óΓÇó┬É├óΓÇó┬É├óΓÇó┬É├óΓÇó┬É├óΓÇó┬É├óΓÇó┬É├óΓÇó┬É├óΓÇó┬É├óΓÇó┬É├óΓÇó┬É├óΓÇó┬É├óΓÇó┬É├óΓÇó┬É├óΓÇó┬É├óΓÇó┬É├óΓÇó┬É├óΓÇó┬É├óΓÇó┬É├óΓÇó┬É├óΓÇó┬É├óΓÇó┬É├óΓÇó┬É├óΓÇó┬É├óΓÇó┬É├óΓÇó┬É├óΓÇó┬É├óΓÇó┬É├óΓÇó┬É├óΓÇó┬É├óΓÇó┬É├óΓÇó┬É├óΓÇó┬É├óΓÇó┬É├óΓÇó┬É├óΓÇó┬É├óΓÇó┬É├óΓÇó┬É├óΓÇó┬É├óΓÇó┬É├óΓÇóΓÇö
├óΓÇóΓÇÿ           Claude Fulcrum - Test Suite                    ├óΓÇóΓÇÿ
├óΓÇó┼í├óΓÇó┬É├óΓÇó┬É├óΓÇó┬É├óΓÇó┬É├óΓÇó┬É├óΓÇó┬É├óΓÇó┬É├óΓÇó┬É├óΓÇó┬É├óΓÇó┬É├óΓÇó┬É├óΓÇó┬É├óΓÇó┬É├óΓÇó┬É├óΓÇó┬É├óΓÇó┬É├óΓÇó┬É├óΓÇó┬É├óΓÇó┬É├óΓÇó┬É├óΓÇó┬É├óΓÇó┬É├óΓÇó┬É├óΓÇó┬É├óΓÇó┬É├óΓÇó┬É├óΓÇó┬É├óΓÇó┬É├óΓÇó┬É├óΓÇó┬É├óΓÇó┬É├óΓÇó┬É├óΓÇó┬É├óΓÇó┬É├óΓÇó┬É├óΓÇó┬É├óΓÇó┬É├óΓÇó┬É├óΓÇó┬É├óΓÇó┬É├óΓÇó┬É├óΓÇó┬É├óΓÇó┬É├óΓÇó┬É├óΓÇó┬É├óΓÇó┬É├óΓÇó┬É├óΓÇó┬É├óΓÇó┬É├óΓÇó┬É├óΓÇó┬É├óΓÇó┬É├óΓÇó┬É├óΓÇó┬É├óΓÇó┬É├óΓÇó┬É├óΓÇó┬É├óΓÇó┬É├óΓÇó┬¥


├óΓÇ¥┬ü├óΓÇ¥┬ü├óΓÇ¥┬ü Running agents/agent-selector.test.js ├óΓÇ¥┬ü├óΓÇ¥┬ü├óΓÇ¥┬ü

Agent Selector Tests (Phase 6.1)
================================

  Γ£ô AGENT_TIERS has core, trait, extension
  Γ£ô TIER_PRIORITY core=1 trait=0 extension=2
  Γ£ô SELECTION_WEIGHTS sum to 1.0
  Γ£ô MIN_CONFIDENCE and HIGH_CONFIDENCE are correct
  Γ£ô DEFAULT_AGENT is general-purpose
  Γ£ô TRAIT_CONFLICTS has minimal-changes < > rapid-prototype
  Γ£ô TRAIT_TENSIONS has legacy-friendly < > cloud-native
  Γ£ô parseFrontmatter extracts YAML fields
  Γ£ô parseFrontmatter handles booleans and numbers
  Γ£ô parseFrontmatter returns null for no frontmatter
  Γ£ô parseListField extracts list items
  Γ£ô parseListField returns empty for missing field
  Γ£ô calculateScore returns high score for trigger match
  Γ£ô calculateScore category hint boosts score
  Γ£ô calculateScore file pattern matching works
  Γ£ô calculateScore priority bonus favors higher-priority agents
  Γ£ô calculateScore with string context works
  Γ£ô processTraits detects conflicts
  Γ£ô processTraits detects tensions
  Γ£ô processTraits reports invalid traits
  Γ£ô createRegistry returns frozen structure
  Γ£ô discoverAgents reads real agents/ directory
  Γ£ô parseAgentFile parses a markdown agent file
  Γ£ô parseAgentFile returns null for invalid file
  Γ£ô selectAgent returns best match from registry
  Γ£ô selectAgent falls back to default when no match
  Γ£ô selectAgent excludes agents
  Γ£ô selectAgent includes trait paths and conflicts
  Γ£ô getAgentSuggestions returns top-N list

29 passed, 0 failed

Results: Passed: 29, Failed: 0


├óΓÇ¥┬ü├óΓÇ¥┬ü├óΓÇ¥┬ü Running agents/handoff-contracts.test.js ├óΓÇ¥┬ü├óΓÇ¥┬ü├óΓÇ¥┬ü

Handoff Contracts Tests (Phase 6.4)
====================================

  Γ£ô CONTRACT_STATUSES has 5 statuses
  Γ£ô VERIFICATION_METHODS has 6 methods
  Γ£ô DEFAULT_CONTRACTS has 5 role contracts
  Γ£ô createContract returns frozen immutable contract
  Γ£ô createContract defaults empty arrays
  Γ£ô planner contract has correct inputs/outputs
  Γ£ô tester contract requires 80% coverage postcondition
  Γ£ô reviewer contract has empty allowedMutations
  Γ£ô validateHandoff succeeds with all required artifacts
  Γ£ô validateHandoff fails when missing required inputs
  Γ£ô validateHandoff fails for unknown source role
  Γ£ô validateHandoff fails for unknown target role
  Γ£ô validateHandoff detects postcondition failures
  Γ£ô createLedger creates empty pending ledger
  Γ£ô addStep adds a step with correct defaults
  Γ£ô startStep sets IN_PROGRESS and startedAt
  Γ£ô completeStep sets COMPLETED with outputs
  Γ£ô completeStep marks ledger COMPLETED when all steps done
  Γ£ô failStep sets FAILED with error
  Γ£ô canStartStep returns true when dependencies met
  Γ£ô canStartStep blocks on incomplete dependency
  Γ£ô canStartStep fails for already-started step
  Γ£ô canStartStep fails for non-existent step
  Γ£ô getLedgerSummary returns correct counts
  Γ£ô ledger operations are immutable

25 passed, 0 failed

Results: Passed: 25, Failed: 0


├óΓÇ¥┬ü├óΓÇ¥┬ü├óΓÇ¥┬ü Running agents/persona-router.test.js ├óΓÇ¥┬ü├óΓÇ¥┬ü├óΓÇ¥┬ü

Persona Router Tests (Phase 6.2)
================================

  Γ£ô PERSONAS has 8 personas
  Γ£ô RISK_LEVELS has 4 levels
  Γ£ô EXPERTISE_LEVELS has 3 levels
  Γ£ô COMMAND_FLOWS has expected workflows
  Γ£ô scorePersona returns high score for keyword match
  Γ£ô scorePersona category matching boosts score
  Γ£ô scorePersona risk alignment works
  Γ£ô scorePersona expertise matching works
  Γ£ô routePersona routes security task to security persona
  Γ£ô routePersona routes bug fix to debugger
  Γ£ô routePersona routes architecture task to architect
  Γ£ô routePersona routes testing task to tester
  Γ£ô routePersona includes persona stack with top 3
  Γ£ô routePersona defaults riskLevel and expertiseLevel
  Γ£ô selectCommandFlow returns bug-fix for bug category
  Γ£ô selectCommandFlow returns security-audit for security category
  Γ£ô selectCommandFlow returns persona-based flow when no category
  Γ£ô getAvailablePersonas lists all 8 personas

18 passed, 0 failed

Results: Passed: 18, Failed: 0


├óΓÇ¥┬ü├óΓÇ¥┬ü├óΓÇ¥┬ü Running agents/pm-meta-layer.test.js ├óΓÇ¥┬ü├óΓÇ¥┬ü├óΓÇ¥┬ü

PM Meta-Layer & Reflexion Tests (Phase 6.3)
============================================

  Γ£ô ERROR_TYPES has 5 types
  Γ£ô PDCA_PHASES has 4 phases
  Γ£ô WORD_OVERLAP_THRESHOLD is 0.7
  Γ£ô createPDCACycle initializes in PLAN phase
  Γ£ô advancePDCA progresses through phases
  Γ£ô advancePDCA sets completedAt after ACT
  Γ£ô advancePDCA is immutable (does not mutate original)
  Γ£ô classifyError detects INPUT errors
  Γ£ô classifyError detects API errors
  Γ£ô classifyError detects CONFIG errors
  Γ£ô classifyError detects ENVIRONMENT errors
  Γ£ô classifyError detects LOGIC errors
  Γ£ô classifyError defaults to LOGIC for unknown
  Γ£ô computeWordOverlap identical strings = 1.0
  Γ£ô computeWordOverlap disjoint strings = 0
  Γ£ô computeWordOverlap partial match
  Γ£ô computeWordOverlap ignores short words
  Γ£ô createErrorSignature normalizes numbers
  Γ£ô createErrorSignature removes quotes
  Γ£ô createReflexionStore with non-existent file returns empty entries
  Γ£ô persistEntry writes JSONL and returns updated store
  Γ£ô findMatchingPattern finds matching error
  Γ£ô findMatchingPattern returns null for no match
  Γ£ô recordMistake adds new entry
  Γ£ô recordMistake detects duplicate pattern
  Γ£ô suggestFix finds a fix when pattern exists
  Γ£ô suggestFix returns found:false when no match
  Γ£ô createCheckpoint returns valid checkpoint
  Γ£ô restoreContext returns latest phase and cumulative files
  Γ£ô restoreContext handles empty checkpoints

30 passed, 0 failed

Results: Passed: 30, Failed: 0


├óΓÇ¥┬ü├óΓÇ¥┬ü├óΓÇ¥┬ü Running ci/validators.test.js ├óΓÇ¥┬ü├óΓÇ¥┬ü├óΓÇ¥┬ü
